[ERROR:0@0.001] global persistence.cpp:586 open Can't open file: 'dnn.xml' in read mode
TEST: Skip tests with tags: 'mem_6gb', 'verylong'
CTEST_FULL_OUTPUT
OpenCV version: 5.1.0-dev
OpenCV VCS version: 27dadfe-dirty
Build type: Release
Compiler: /usr/bin/c++  (ver 13.3.0)
Algorithm hint: ALGO_HINT_ACCURATE
HAL: NO
Parallel framework: pthreads (nthreads=1)
CPU features: SSE SSE2 SSE3 *AVX2
Note: Google Test filter = *DeconvolutionCoordinates*
[==========] Running 6 tests from 1 test case.
[----------] Global test environment set-up.
[----------] 6 tests from DeconvolutionCoordinates_forward
[ RUN      ] DeconvolutionCoordinates_forward.forward/0, where GetParam() = (2, 1)
[ PERFSTAT ]    (samples=30   mean=0.09   median=0.09   min=0.08   stddev=0.01 (8.0%))
[       OK ] DeconvolutionCoordinates_forward.forward/0 (5 ms)
[ RUN      ] DeconvolutionCoordinates_forward.forward/1, where GetParam() = (2, 2)
[ PERFSTAT ]    (samples=30   mean=0.76   median=0.67   min=0.55   stddev=0.25 (32.3%))
[       OK ] DeconvolutionCoordinates_forward.forward/1 (29 ms)
[ RUN      ] DeconvolutionCoordinates_forward.forward/2, where GetParam() = (2, 3)
[ PERFSTAT ]    (samples=30   mean=1.34   median=1.32   min=1.19   stddev=0.11 (8.0%))
[       OK ] DeconvolutionCoordinates_forward.forward/2 (49 ms)
[ RUN      ] DeconvolutionCoordinates_forward.forward/3, where GetParam() = (3, 1)
[ PERFSTAT ]    (samples=30   mean=0.17   median=0.17   min=0.08   stddev=0.04 (22.0%))
[       OK ] DeconvolutionCoordinates_forward.forward/3 (6 ms)
[ RUN      ] DeconvolutionCoordinates_forward.forward/4, where GetParam() = (3, 2)
[ PERFSTAT ]    (samples=30   mean=0.42   median=0.42   min=0.41   stddev=0.01 (3.5%))
[       OK ] DeconvolutionCoordinates_forward.forward/4 (15 ms)
[ RUN      ] DeconvolutionCoordinates_forward.forward/5, where GetParam() = (3, 3)
[ PERFSTAT ]    (samples=30   mean=1.75   median=1.62   min=1.55   stddev=0.38 (21.6%))
[       OK ] DeconvolutionCoordinates_forward.forward/5 (60 ms)
[----------] 6 tests from DeconvolutionCoordinates_forward (164 ms total)

[----------] Global test environment tear-down
[==========] 6 tests from 1 test case ran. (164 ms total)
[  PASSED  ] 6 tests.
