[ERROR:0@0.001] global persistence.cpp:586 open Can't open file: 'dnn.xml' in read mode
TEST: Skip tests with tags: 'mem_6gb', 'verylong'
CTEST_FULL_OUTPUT
OpenCV version: 5.1.0-dev
OpenCV VCS version: 032ebee-dirty
Build type: Release
Compiler: /usr/bin/c++  (ver 13.3.0)
Algorithm hint: ALGO_HINT_ACCURATE
HAL: NO
Parallel framework: pthreads (nthreads=1)
CPU features: SSE SSE2 SSE3 *AVX2
Note: Google Test filter = *DeconvolutionCoordinates*
[==========] Running 6 tests from 1 test case.
[----------] Global test environment set-up.
[----------] 6 tests from DeconvolutionCoordinates_forward
[ RUN      ] DeconvolutionCoordinates_forward.forward/0, where GetParam() = (2, 1)
[ PERFSTAT ]    (samples=10   mean=0.09   median=0.09   min=0.09   stddev=0.00 (2.4%))
[       OK ] DeconvolutionCoordinates_forward.forward/0 (2 ms)
[ RUN      ] DeconvolutionCoordinates_forward.forward/1, where GetParam() = (2, 2)
[ PERFSTAT ]    (samples=30   mean=0.46   median=0.45   min=0.44   stddev=0.03 (6.0%))
[       OK ] DeconvolutionCoordinates_forward.forward/1 (18 ms)
[ RUN      ] DeconvolutionCoordinates_forward.forward/2, where GetParam() = (2, 3)
[ PERFSTAT ]    (samples=10   mean=0.90   median=0.91   min=0.88   stddev=0.01 (1.5%))
[       OK ] DeconvolutionCoordinates_forward.forward/2 (13 ms)
[ RUN      ] DeconvolutionCoordinates_forward.forward/3, where GetParam() = (3, 1)
[ PERFSTAT ]    (samples=30   mean=0.15   median=0.16   min=0.07   stddev=0.05 (35.2%))
[       OK ] DeconvolutionCoordinates_forward.forward/3 (5 ms)
[ RUN      ] DeconvolutionCoordinates_forward.forward/4, where GetParam() = (3, 2)
[ PERFSTAT ]    (samples=30   mean=0.42   median=0.41   min=0.39   stddev=0.03 (7.3%))
[       OK ] DeconvolutionCoordinates_forward.forward/4 (15 ms)
[ RUN      ] DeconvolutionCoordinates_forward.forward/5, where GetParam() = (3, 3)
[ PERFSTAT ]    (samples=30   mean=1.05   median=1.03   min=0.99   stddev=0.07 (6.7%))
[       OK ] DeconvolutionCoordinates_forward.forward/5 (36 ms)
[----------] 6 tests from DeconvolutionCoordinates_forward (89 ms total)

[----------] Global test environment tear-down
[==========] 6 tests from 1 test case ran. (89 ms total)
[  PASSED  ] 6 tests.
